2026-09-17 23:09:20  WhoAmI           correlation=test1234 backend=ANDREAS-PC/Backend1 pool=Backend1Pool cert=LAB USER AUTH issuer=IIS-ID Home Lab Root thumb=84FDBA5287DBA7102882349297914E330EC1B960 isik=390******00 -> OK poliitika: Lab-sertifikaat (kodune test-CA).
2026-09-17 23:09:20  Ping             correlation=test1234 backend=ANDREAS-PC/Backend1 pool=Backend1Pool cert=LAB USER AUTH issuer=IIS-ID Home Lab Root thumb=84FDBA5287DBA7102882349297914E330EC1B960 isik=390******00 -> OK
2026-09-17 23:13:44  WhoAmI           correlation=4ca157a9 backend=ANDREAS-PC/Backend2 pool=Backend2Pool cert="KUUSKARU issuer=ESTEID2018 thumb=0892F5F195A47D02307438FE7CE59C4F220F69CA isik=399******67 -> OK poliitika: ESTEID2018 + NCP+ + dokumendipoliitika.
2026-09-17 23:14:07  WhoAmI           correlation=7e6c126a backend=ANDREAS-PC/Backend1 pool=Backend1Pool cert="KUUSKARU issuer=ESTEID2018 thumb=0892F5F195A47D02307438FE7CE59C4F220F69CA isik=399******67 -> OK poliitika: ESTEID2018 + NCP+ + dokumendipoliitika.
2026-09-17 23:14:27  Ping             correlation=5dc2c4b4 backend=ANDREAS-PC/Backend2 pool=Backend2Pool cert="KUUSKARU issuer=ESTEID2018 thumb=0892F5F195A47D02307438FE7CE59C4F220F69CA isik=399******67 -> OK
2026-09-17 23:14:30  Ping             correlation=20188a68 backend=ANDREAS-PC/Backend1 pool=Backend1Pool cert="KUUSKARU issuer=ESTEID2018 thumb=0892F5F195A47D02307438FE7CE59C4F220F69CA isik=399******67 -> OK
2026-09-17 23:14:33  Ping             correlation=d5f6af24 backend=ANDREAS-PC/Backend1 pool=Backend1Pool cert="KUUSKARU issuer=ESTEID2018 thumb=0892F5F195A47D02307438FE7CE59C4F220F69CA isik=399******67 -> OK
2026-09-17 23:22:05  Ping             correlation=eb39fbf7 backend=ANDREAS-PC/Backend2 pool=Backend2Pool cert="KUUSKARU issuer=ESTEID2018 thumb=0892F5F195A47D02307438FE7CE59C4F220F69CA isik=399******67 -> OK
2026-09-17 23:22:06  Ping             correlation=5f9e00ed backend=ANDREAS-PC/Backend2 pool=Backend2Pool cert="KUUSKARU issuer=ESTEID2018 thumb=0892F5F195A47D02307438FE7CE59C4F220F69CA isik=399******67 -> OK
2026-09-17 23:22:14  SubmitSignature  correlation=ee47839b backend=ANDREAS-PC/Backend2 pool=Backend2Pool cert="KUUSKARU issuer=ESTEID2018 thumb=0892F5F195A47D02307438FE7CE59C4F220F69CA isik=399******67 -> allkiri=True samaIsik=True
2026-09-17 23:22:26  Ping             correlation=6339e5f2 backend=ANDREAS-PC/Backend2 pool=Backend2Pool cert="KUUSKARU issuer=ESTEID2018 thumb=0892F5F195A47D02307438FE7CE59C4F220F69CA isik=399******67 -> OK
2026-09-17 23:22:27  Ping             correlation=6d721b2e backend=ANDREAS-PC/Backend2 pool=Backend2Pool cert="KUUSKARU issuer=ESTEID2018 thumb=0892F5F195A47D02307438FE7CE59C4F220F69CA isik=399******67 -> OK
2026-09-17 23:22:28  Ping             correlation=3f30f646 backend=ANDREAS-PC/Backend2 pool=Backend2Pool cert="KUUSKARU issuer=ESTEID2018 thumb=0892F5F195A47D02307438FE7CE59C4F220F69CA isik=399******67 -> OK
2026-09-17 23:22:28  Ping             correlation=e7b2827d backend=ANDREAS-PC/Backend2 pool=Backend2Pool cert="KUUSKARU issuer=ESTEID2018 thumb=0892F5F195A47D02307438FE7CE59C4F220F69CA isik=399******67 -> OK
2026-09-17 23:22:28  Ping             correlation=4ea1e5ce backend=ANDREAS-PC/Backend2 pool=Backend2Pool cert="KUUSKARU issuer=ESTEID2018 thumb=0892F5F195A47D02307438FE7CE59C4F220F69CA isik=399******67 -> OK
2026-09-17 23:22:29  Ping             correlation=a4d74709 backend=ANDREAS-PC/Backend2 pool=Backend2Pool cert="KUUSKARU issuer=ESTEID2018 thumb=0892F5F195A47D02307438FE7CE59C4F220F69CA isik=399******67 -> OK
2026-09-17 23:22:29  Ping             correlation=431dd661 backend=ANDREAS-PC/Backend2 pool=Backend2Pool cert="KUUSKARU issuer=ESTEID2018 thumb=0892F5F195A47D02307438FE7CE59C4F220F69CA isik=399******67 -> OK
2026-09-17 23:22:30  Ping             correlation=fbb314e3 backend=ANDREAS-PC/Backend2 pool=Backend2Pool cert="KUUSKARU issuer=ESTEID2018 thumb=0892F5F195A47D02307438FE7CE59C4F220F69CA isik=399******67 -> OK
2026-09-17 23:22:30  Ping             correlation=aec99633 backend=ANDREAS-PC/Backend2 pool=Backend2Pool cert="KUUSKARU issuer=ESTEID2018 thumb=0892F5F195A47D02307438FE7CE59C4F220F69CA isik=399******67 -> OK
2026-09-17 23:22:30  Ping             correlation=ae50465d backend=ANDREAS-PC/Backend2 pool=Backend2Pool cert="KUUSKARU issuer=ESTEID2018 thumb=0892F5F195A47D02307438FE7CE59C4F220F69CA isik=399******67 -> OK
2026-09-17 23:22:31  Ping             correlation=73fc14a4 backend=ANDREAS-PC/Backend2 pool=Backend2Pool cert="KUUSKARU issuer=ESTEID2018 thumb=0892F5F195A47D02307438FE7CE59C4F220F69CA isik=399******67 -> OK
2026-09-17 23:22:31  Ping             correlation=855bbf0c backend=ANDREAS-PC/Backend2 pool=Backend2Pool cert="KUUSKARU issuer=ESTEID2018 thumb=0892F5F195A47D02307438FE7CE59C4F220F69CA isik=399******67 -> OK
2026-09-17 23:22:31  Ping             correlation=c18a8846 backend=ANDREAS-PC/Backend2 pool=Backend2Pool cert="KUUSKARU issuer=ESTEID2018 thumb=0892F5F195A47D02307438FE7CE59C4F220F69CA isik=399******67 -> OK
2026-09-17 23:22:32  Ping             correlation=f3c61e2d backend=ANDREAS-PC/Backend2 pool=Backend2Pool cert="KUUSKARU issuer=ESTEID2018 thumb=0892F5F195A47D02307438FE7CE59C4F220F69CA isik=399******67 -> OK
2026-09-17 23:22:32  Ping             correlation=38a4c605 backend=ANDREAS-PC/Backend2 pool=Backend2Pool cert="KUUSKARU issuer=ESTEID2018 thumb=0892F5F195A47D02307438FE7CE59C4F220F69CA isik=399******67 -> OK
2026-09-17 23:22:32  Ping             correlation=564b2a3c backend=ANDREAS-PC/Backend2 pool=Backend2Pool cert="KUUSKARU issuer=ESTEID2018 thumb=0892F5F195A47D02307438FE7CE59C4F220F69CA isik=399******67 -> OK
2026-09-17 23:22:32  Ping             correlation=e1183602 backend=ANDREAS-PC/Backend2 pool=Backend2Pool cert="KUUSKARU issuer=ESTEID2018 thumb=0892F5F195A47D02307438FE7CE59C4F220F69CA isik=399******67 -> OK
2026-09-17 23:22:33  Ping             correlation=178fb746 backend=ANDREAS-PC/Backend2 pool=Backend2Pool cert="KUUSKARU issuer=ESTEID2018 thumb=0892F5F195A47D02307438FE7CE59C4F220F69CA isik=399******67 -> OK
2026-09-17 23:22:55  SubmitSignature  correlation=35a22d33 backend=ANDREAS-PC/Backend1 pool=Backend1Pool cert="KUUSKARU issuer=ESTEID2018 thumb=0892F5F195A47D02307438FE7CE59C4F220F69CA isik=399******67 -> allkiri=True samaIsik=True
2026-09-17 23:28:54  Ping             correlation=6c414258 backend=ANDREAS-PC/Backend1 pool=Backend1Pool cert="KUUSKARU issuer=ESTEID2018 thumb=0892F5F195A47D02307438FE7CE59C4F220F69CA isik=399******67 -> OK
2026-09-17 23:28:55  Ping             correlation=a8292584 backend=ANDREAS-PC/Backend1 pool=Backend1Pool cert="KUUSKARU issuer=ESTEID2018 thumb=0892F5F195A47D02307438FE7CE59C4F220F69CA isik=399******67 -> OK
2026-09-17 23:28:56  Ping             correlation=1559e6d2 backend=ANDREAS-PC/Backend1 pool=Backend1Pool cert="KUUSKARU issuer=ESTEID2018 thumb=0892F5F195A47D02307438FE7CE59C4F220F69CA isik=399******67 -> OK
2026-09-17 23:28:56  Ping             correlation=179f0fa0 backend=ANDREAS-PC/Backend1 pool=Backend1Pool cert="KUUSKARU issuer=ESTEID2018 thumb=0892F5F195A47D02307438FE7CE59C4F220F69CA isik=399******67 -> OK
2026-09-17 23:28:57  Ping             correlation=677b467b backend=ANDREAS-PC/Backend1 pool=Backend1Pool cert="KUUSKARU issuer=ESTEID2018 thumb=0892F5F195A47D02307438FE7CE59C4F220F69CA isik=399******67 -> OK
2026-09-17 23:28:57  Ping             correlation=e482d705 backend=ANDREAS-PC/Backend1 pool=Backend1Pool cert="KUUSKARU issuer=ESTEID2018 thumb=0892F5F195A47D02307438FE7CE59C4F220F69CA isik=399******67 -> OK
2026-09-17 23:28:57  Ping             correlation=823d82e9 backend=ANDREAS-PC/Backend1 pool=Backend1Pool cert="KUUSKARU issuer=ESTEID2018 thumb=0892F5F195A47D02307438FE7CE59C4F220F69CA isik=399******67 -> OK
2026-09-17 23:28:57  Ping             correlation=2f0752ef backend=ANDREAS-PC/Backend1 pool=Backend1Pool cert="KUUSKARU issuer=ESTEID2018 thumb=0892F5F195A47D02307438FE7CE59C4F220F69CA isik=399******67 -> OK
2026-09-17 23:28:57  Ping             correlation=9eeed6cb backend=ANDREAS-PC/Backend1 pool=Backend1Pool cert="KUUSKARU issuer=ESTEID2018 thumb=0892F5F195A47D02307438FE7CE59C4F220F69CA isik=399******67 -> OK
2026-09-17 23:28:58  Ping             correlation=d55a72fc backend=ANDREAS-PC/Backend1 pool=Backend1Pool cert="KUUSKARU issuer=ESTEID2018 thumb=0892F5F195A47D02307438FE7CE59C4F220F69CA isik=399******67 -> OK
2026-09-17 23:28:58  Ping             correlation=c65a7058 backend=ANDREAS-PC/Backend1 pool=Backend1Pool cert="KUUSKARU issuer=ESTEID2018 thumb=0892F5F195A47D02307438FE7CE59C4F220F69CA isik=399******67 -> OK
2026-09-17 23:28:58  Ping             correlation=a653fb51 backend=ANDREAS-PC/Backend1 pool=Backend1Pool cert="KUUSKARU issuer=ESTEID2018 thumb=0892F5F195A47D02307438FE7CE59C4F220F69CA isik=399******67 -> OK
2026-09-17 23:28:58  Ping             correlation=697b3e46 backend=ANDREAS-PC/Backend1 pool=Backend1Pool cert="KUUSKARU issuer=ESTEID2018 thumb=0892F5F195A47D02307438FE7CE59C4F220F69CA isik=399******67 -> OK
2026-09-17 23:28:59  Ping             correlation=efb110a2 backend=ANDREAS-PC/Backend1 pool=Backend1Pool cert="KUUSKARU issuer=ESTEID2018 thumb=0892F5F195A47D02307438FE7CE59C4F220F69CA isik=399******67 -> OK
2026-09-17 23:29:22  Ping             correlation=2500fa50 backend=ANDREAS-PC/Backend2 pool=Backend2Pool cert="KUUSKARU issuer=ESTEID2018 thumb=0892F5F195A47D02307438FE7CE59C4F220F69CA isik=399******67 -> OK
2026-09-17 23:35:00  WhoAmI           correlation=08c21ff8 backend=ANDREAS-PC/Backend2 pool=Backend2Pool cert="KUUSKARU issuer=ESTEID2018 thumb=0892F5F195A47D02307438FE7CE59C4F220F69CA isik=399******67 -> OK poliitika: ESTEID2018 + NCP+ + dokumendipoliitika.
2026-09-17 23:35:25  WhoAmI           correlation=5168c9c2 backend=ANDREAS-PC/Backend1 pool=Backend1Pool cert="KUUSKARU issuer=ESTEID2018 thumb=0892F5F195A47D02307438FE7CE59C4F220F69CA isik=399******67 -> OK poliitika: ESTEID2018 + NCP+ + dokumendipoliitika.
2026-09-17 23:35:32  Ping             correlation=cabccd46 backend=ANDREAS-PC/Backend1 pool=Backend1Pool cert="KUUSKARU issuer=ESTEID2018 thumb=0892F5F195A47D02307438FE7CE59C4F220F69CA isik=399******67 -> OK
2026-09-17 23:35:33  Ping             correlation=6ca5cc10 backend=ANDREAS-PC/Backend2 pool=Backend2Pool cert="KUUSKARU issuer=ESTEID2018 thumb=0892F5F195A47D02307438FE7CE59C4F220F69CA isik=399******67 -> OK
2026-09-17 23:35:41  Ping             correlation=bdea59fb backend=ANDREAS-PC/Backend2 pool=Backend2Pool cert="KUUSKARU issuer=ESTEID2018 thumb=0892F5F195A47D02307438FE7CE59C4F220F69CA isik=399******67 -> OK
2026-09-17 23:35:42  Ping             correlation=8fc82608 backend=ANDREAS-PC/Backend2 pool=Backend2Pool cert="KUUSKARU issuer=ESTEID2018 thumb=0892F5F195A47D02307438FE7CE59C4F220F69CA isik=399******67 -> OK
2026-09-17 23:35:44  Ping             correlation=7836aaf2 backend=ANDREAS-PC/Backend1 pool=Backend1Pool cert="KUUSKARU issuer=ESTEID2018 thumb=0892F5F195A47D02307438FE7CE59C4F220F69CA isik=399******67 -> OK
2026-09-17 23:35:44  Ping             correlation=f9d3034d backend=ANDREAS-PC/Backend1 pool=Backend1Pool cert="KUUSKARU issuer=ESTEID2018 thumb=0892F5F195A47D02307438FE7CE59C4F220F69CA isik=399******67 -> OK
2026-09-17 23:35:45  Ping             correlation=944e6728 backend=ANDREAS-PC/Backend1 pool=Backend1Pool cert="KUUSKARU issuer=ESTEID2018 thumb=0892F5F195A47D02307438FE7CE59C4F220F69CA isik=399******67 -> OK
2026-09-17 23:36:24  Ping             correlation=0ba250cf backend=ANDREAS-PC/Backend1 pool=Backend1Pool cert="KUUSKARU issuer=ESTEID2018 thumb=0892F5F195A47D02307438FE7CE59C4F220F69CA isik=399******67 -> OK
2026-09-17 23:36:25  Ping             correlation=137f9a2d backend=ANDREAS-PC/Backend1 pool=Backend1Pool cert="KUUSKARU issuer=ESTEID2018 thumb=0892F5F195A47D02307438FE7CE59C4F220F69CA isik=399******67 -> OK
2026-09-17 23:36:25  Ping             correlation=f50d0a3d backend=ANDREAS-PC/Backend1 pool=Backend1Pool cert="KUUSKARU issuer=ESTEID2018 thumb=0892F5F195A47D02307438FE7CE59C4F220F69CA isik=399******67 -> OK
2026-09-17 23:36:26  Ping             correlation=6b50d984 backend=ANDREAS-PC/Backend2 pool=Backend2Pool cert="KUUSKARU issuer=ESTEID2018 thumb=0892F5F195A47D02307438FE7CE59C4F220F69CA isik=399******67 -> OK
2026-09-17 23:36:26  Ping             correlation=356c68cc backend=ANDREAS-PC/Backend2 pool=Backend2Pool cert="KUUSKARU issuer=ESTEID2018 thumb=0892F5F195A47D02307438FE7CE59C4F220F69CA isik=399******67 -> OK
2026-09-17 23:36:26  Ping             correlation=6415c71f backend=ANDREAS-PC/Backend2 pool=Backend2Pool cert="KUUSKARU issuer=ESTEID2018 thumb=0892F5F195A47D02307438FE7CE59C4F220F69CA isik=399******67 -> OK
2026-09-17 23:36:26  Ping             correlation=1808d54c backend=ANDREAS-PC/Backend2 pool=Backend2Pool cert="KUUSKARU issuer=ESTEID2018 thumb=0892F5F195A47D02307438FE7CE59C4F220F69CA isik=399******67 -> OK
2026-09-17 23:36:39  Ping             correlation=c1fc57de backend=ANDREAS-PC/Backend2 pool=Backend2Pool cert="KUUSKARU issuer=ESTEID2018 thumb=0892F5F195A47D02307438FE7CE59C4F220F69CA isik=399******67 -> OK
